void [shift]
id [shift]
([shift]
)[reduce 07.2][shift]
{[shift]
[reduce 12.1.1.1]id [reduce 12.1.2.1][shift]
= [reduce 21.1][shift]
intconst [shift]
[reduce 24.1][reduce 20.02]add [shift]
intconst [shift]
[reduce 24.1][reduce 20.02]mult [shift]
intconst [shift]
[reduce 24.1][reduce 20.02][reduce 20.08]; [reduce 20.06][reduce 20.01][shift]
[reduce 13.1][reduce 12.1.2.2]int [reject]
