class [shift]
id [shift]
extends [shift]
id [shift]
[reduce 08.1.1.2]implements [shift]
id [shift]
, [shift]
id [shift]
{[reduce 08.1.2.2.2][reduce 08.1.2.2.1][reduce 08.1.2.2][shift]
[reduce 08.1.3.1]int [shift]
[reduce 05.1]id [shift]
; [reduce 04.1][shift]
[reduce 03.1][reduce 09.1][reduce 08.1.3.2]void [shift]
id [shift]
([shift]
int [shift]
[reduce 05.1]id [shift]
[reduce 04.1])[reduce 07.1.2][reduce 07.1][shift]
{[shift]
[reduce 12.1.1.1]if [reduce 12.1.2.1][shift]
([shift]
id [shift]
< [reduce 21.1][reduce 20.03][shift]
intconst [shift]
[reduce 24.1][reduce 20.02])[reduce 20.12][shift]
{[shift]
[reduce 12.1.1.1]return [reduce 12.1.2.1][shift]
; [reduce 25.1][shift]
[reduce 18.1][reduce 13.6][reduce 12.1.2.2]}[shift]
[reduce 12.1][reduce 13.8]else [shift]
{[shift]
[reduce 12.1.1.1]id [reduce 12.1.2.1][shift]
= [reduce 21.1][shift]
id [shift]
; [reduce 21.1][reduce 20.03][reduce 20.01][shift]
[reduce 13.1][reduce 12.1.2.2]}[shift]
[reduce 12.1][reduce 13.8][reduce 14.2][reduce 13.2][reduce 12.1.2.2]}[shift]
[reduce 12.1][reduce 06.2][reduce 09.2][reduce 08.1.3.2]println [reject]
