interface [shift]
id [shift]
{[shift]
int [shift]
[reduce 05.1]id [shift]
([shift]
double [shift]
[reduce 05.2]id [shift]
[reduce 04.1])[reduce 07.1.2][reduce 07.1][shift]
; [shift]
[reduce 11.2]}[shift]
[reduce 10.1][reduce 02.4][reduce 01.1][shift]
[accept]
