void [shift]
id [shift]
([shift]
)[reduce 07.2][shift]
{[shift]
[reduce 12.1.1.1]id [reduce 12.1.2.1][shift]
= [reduce 21.1][shift]
id [shift]
add [reduce 21.1][reduce 20.03][shift]
intconst [shift]
[reduce 24.1][reduce 20.02]; [reduce 20.06][reduce 20.01][shift]
[reduce 13.1][reduce 12.1.2.2]id [shift]
div [reduce 21.1][reduce 20.03][shift]
intconst [shift]
[reduce 24.1][reduce 20.02][reduce 20.09]; [shift]
[reduce 13.1][reduce 12.1.2.2]id [shift]
mult [reduce 21.1][reduce 20.03][shift]
intconst [shift]
[reduce 24.1][reduce 20.02][reduce 20.08]add [shift]
intconst [shift]
[reduce 24.1][reduce 20.02]div [shift]
intconst [shift]
[reduce 24.1][reduce 20.02][reduce 20.09]; [reduce 20.06][shift]
[reduce 13.1][reduce 12.1.2.2]id [shift]
([shift]
)[reduce 23.1][shift]
[reduce 22.1][reduce 20.04]; [shift]
[reduce 13.1][reduce 12.1.2.2]id [shift]
; [reduce 21.1][reduce 20.03][shift]
[reduce 13.1][reduce 12.1.2.2]id [shift]
[[reduce 21.1][shift]
intconst [shift]
[reduce 24.1][reduce 20.02]][shift]
[reduce 21.2]; [reduce 20.03][shift]
[reduce 13.1][reduce 12.1.2.2]id [shift]
([shift]
intconst [shift]
[reduce 24.1][reduce 20.02])[reduce 26.1][reduce 23.2][shift]
[reduce 22.1][reduce 20.04]; [shift]
[reduce 13.1][reduce 12.1.2.2]id [shift]
([shift]
id [shift]
add [reduce 21.1][reduce 20.03][shift]
id [shift]
)[reduce 21.1][reduce 20.03][reduce 20.06][reduce 26.1][reduce 23.2][shift]
[reduce 22.1][reduce 20.04]; [shift]
[reduce 13.1][reduce 12.1.2.2]id [shift]
. [shift]
id [shift]
([shift]
)[reduce 23.1][shift]
[reduce 22.2][reduce 20.04]; [shift]
[reduce 13.1][reduce 12.1.2.2]id [shift]
. [shift]
id [shift]
([shift]
)[reduce 23.1][shift]
[reduce 22.2][reduce 20.04]; [shift]
[reduce 13.1][reduce 12.1.2.2]id [shift]
= [reduce 21.1][shift]
id [shift]
; [reduce 21.1][reduce 20.03][reduce 20.01][shift]
[reduce 13.1][reduce 12.1.2.2]id [shift]
add [reduce 21.1][reduce 20.03][shift]
id [shift]
; [reduce 21.1][reduce 20.03][reduce 20.06][shift]
[reduce 13.1][reduce 12.1.2.2]id [shift]
add [reduce 21.1][reduce 20.03][shift]
intconst [shift]
[reduce 24.1][reduce 20.02]; [reduce 20.06][shift]
[reduce 13.1][reduce 12.1.2.2]id [shift]
[[reduce 21.1][shift]
intconst [shift]
[reduce 24.1][reduce 20.02]][shift]
[reduce 21.2]= [shift]
id [shift]
; [reduce 21.1][reduce 20.03][reduce 20.01][shift]
[reduce 13.1][reduce 12.1.2.2]id [shift]
([shift]
id [shift]
, [reduce 21.1][reduce 20.03][shift]
id [shift]
)[reduce 21.1][reduce 20.03][reduce 26.1][reduce 26.2][reduce 23.2][shift]
[reduce 22.1][reduce 20.04]; [shift]
[reduce 13.1][reduce 12.1.2.2]}[shift]
[reduce 12.1][reduce 06.2][reduce 02.2][reduce 01.1]void [shift]
id [shift]
([shift]
int [shift]
[reduce 05.1]id [shift]
[reduce 04.1], [shift]
int [shift]
[reduce 05.1]id [shift]
[reduce 04.1])[reduce 07.1.2][reduce 07.1.1][reduce 07.1][shift]
{[shift]
[reduce 12.1.1.1]([reduce 12.1.2.1][shift]
intconst [shift]
[reduce 24.1][reduce 20.02]add [shift]
intconst [shift]
[reduce 24.1][reduce 20.02])[reduce 20.06][shift]
[reduce 20.05]; [shift]
[reduce 13.1][reduce 12.1.2.2]while [shift]
([shift]
id [shift]
== [reduce 21.1][reduce 20.03][shift]
id [shift]
)[reduce 21.1][reduce 20.03][reduce 20.16][shift]
break [shift]
; [shift]
[reduce 17.1][reduce 13.5][reduce 15.1][reduce 13.3][reduce 12.1.2.2]sub [shift]
intconst [shift]
[reduce 24.1][reduce 20.02]; [reduce 20.11][shift]
[reduce 13.1][reduce 12.1.2.2]println [shift]
([shift]
id [shift]
)[reduce 21.1][reduce 20.03][reduce 26.1][shift]
; [shift]
[reduce 19.1][reduce 13.7][reduce 12.1.2.2]readln [shift]
([shift]
)[shift]
[reduce 20.21]; [shift]
[reduce 13.1][reduce 12.1.2.2]newarray [shift]
([shift]
intconst [shift]
, [shift]
int [shift]
[reduce 05.1])[shift]
[reduce 20.22]; [shift]
[reduce 13.1][reduce 12.1.2.2]return [shift]
; [reduce 25.1][shift]
[reduce 18.1][reduce 13.6][reduce 12.1.2.2]break [shift]
; [shift]
[reduce 17.1][reduce 13.5][reduce 12.1.2.2]if [shift]
([shift]
id [shift]
!= [reduce 21.1][reduce 20.03][shift]
intconst [shift]
[reduce 24.1][reduce 20.02])[reduce 20.17][shift]
id [shift]
add [reduce 21.1][reduce 20.03][shift]
id [shift]
; [reduce 21.1][reduce 20.03][reduce 20.06][shift]
[reduce 13.1]else [shift]
id [shift]
mult [reduce 21.1][reduce 20.03][shift]
id [shift]
; [reduce 21.1][reduce 20.03][reduce 20.08][shift]
[reduce 13.1][reduce 14.2][reduce 13.2][reduce 12.1.2.2]id [shift]
mult [reduce 21.1][reduce 20.03][shift]
id [shift]
; [reduce 21.1][reduce 20.03][reduce 20.08][shift]
[reduce 13.1][reduce 12.1.2.2]intconst [shift]
[reduce 24.1][reduce 20.02]mult [shift]
intconst [shift]
[reduce 24.1][reduce 20.02][reduce 20.08]; [shift]
[reduce 13.1][reduce 12.1.2.2]id [shift]
([shift]
intconst [shift]
[reduce 24.1][reduce 20.02]add [shift]
intconst [shift]
[reduce 24.1][reduce 20.02])[reduce 20.06][reduce 26.1][reduce 23.2][shift]
[reduce 22.1][reduce 20.04]; [shift]
[reduce 13.1][reduce 12.1.2.2]intconst [shift]
[reduce 24.1][reduce 20.02]>= [shift]
intconst [shift]
[reduce 24.1][reduce 20.02]; [reduce 20.15][shift]
[reduce 13.1][reduce 12.1.2.2]intconst [shift]
[reduce 24.1][reduce 20.02]; [shift]
[reduce 13.1][reduce 12.1.2.2]![shift]
intconst [shift]
[reduce 24.1][reduce 20.02][reduce 20.20]; [shift]
[reduce 13.1][reduce 12.1.2.2]; [shift]
[reduce 13.0][reduce 12.1.2.2]intconst [shift]
[reduce 24.1][reduce 20.02]add [shift]
id [shift]
; [reduce 21.1][reduce 20.03][reduce 20.06][shift]
[reduce 13.1][reduce 12.1.2.2]intconst [shift]
[reduce 24.1][reduce 20.02]mult [shift]
intconst [shift]
[reduce 24.1][reduce 20.02][reduce 20.08]add [shift]
intconst [shift]
[reduce 24.1][reduce 20.02]div [shift]
intconst [shift]
[reduce 24.1][reduce 20.02][reduce 20.09]; [reduce 20.06][shift]
[reduce 13.1][reduce 12.1.2.2]intconst [shift]
[reduce 24.1][reduce 20.02]mult [shift]
([shift]
id [shift]
add [reduce 21.1][reduce 20.03][shift]
intconst [shift]
[reduce 24.1][reduce 20.02])[reduce 20.06][shift]
[reduce 20.05][reduce 20.08]div [shift]
intconst [shift]
[reduce 24.1][reduce 20.02][reduce 20.09]; [shift]
[reduce 13.1][reduce 12.1.2.2]intconst [shift]
[reduce 24.1][reduce 20.02]mult [shift]
intconst [shift]
[reduce 24.1][reduce 20.02][reduce 20.08]add [shift]
id [shift]
div [reduce 21.1][reduce 20.03][shift]
intconst [shift]
[reduce 24.1][reduce 20.02][reduce 20.09]; [reduce 20.06][shift]
[reduce 13.1][reduce 12.1.2.2]intconst [shift]
[reduce 24.1][reduce 20.02]mult [shift]
intconst [shift]
[reduce 24.1][reduce 20.02][reduce 20.08]add [shift]
intconst [shift]
[reduce 24.1][reduce 20.02]div [shift]
id [shift]
; [reduce 21.1][reduce 20.03][reduce 20.09][reduce 20.06][shift]
[reduce 13.1][reduce 12.1.2.2]([shift]
intconst [shift]
[reduce 24.1][reduce 20.02]< [shift]
id [shift]
)[reduce 21.1][reduce 20.03][reduce 20.12][shift]
[reduce 20.05]; [shift]
[reduce 13.1][reduce 12.1.2.2]if [shift]
([shift]
id [shift]
== [reduce 21.1][reduce 20.03][shift]
id [shift]
)[reduce 21.1][reduce 20.03][reduce 20.16][shift]
{[shift]
[reduce 12.1.1.1]if [reduce 12.1.2.1][shift]
([shift]
id [shift]
> [reduce 21.1][reduce 20.03][shift]
intconst [shift]
[reduce 24.1][reduce 20.02])[reduce 20.14][shift]
id [shift]
mod [reduce 21.1][reduce 20.03][shift]
intconst [shift]
[reduce 24.1][reduce 20.02][reduce 20.10]; [shift]
[reduce 13.1]else [shift]
id [shift]
mod [reduce 21.1][reduce 20.03][shift]
intconst [shift]
[reduce 24.1][reduce 20.02][reduce 20.10]; [shift]
[reduce 13.1][reduce 14.2][reduce 13.2][reduce 12.1.2.2]}[shift]
[reduce 12.1][reduce 13.8]if [reduce 14.1][reduce 13.2][reduce 12.1.2.2][shift]
([shift]
id [shift]
== [reduce 21.1][reduce 20.03][shift]
id [shift]
)[reduce 21.1][reduce 20.03][reduce 20.16][shift]
if [shift]
([shift]
id [shift]
> [reduce 21.1][reduce 20.03][shift]
intconst [shift]
[reduce 24.1][reduce 20.02])[reduce 20.14][shift]
id [shift]
mod [reduce 21.1][reduce 20.03][shift]
intconst [shift]
[reduce 24.1][reduce 20.02][reduce 20.10]; [shift]
[reduce 13.1]else [shift]
id [shift]
mod [reduce 21.1][reduce 20.03][shift]
intconst [shift]
[reduce 24.1][reduce 20.02][reduce 20.10]; [shift]
[reduce 13.1][reduce 14.2][reduce 13.2]id [reduce 14.1][reduce 13.2][reduce 12.1.2.2][shift]
= [reduce 21.1][shift]
intconst [shift]
[reduce 24.1][reduce 20.02]add [shift]
intconst [shift]
[reduce 24.1][reduce 20.02]; [reduce 20.06][reduce 20.01][shift]
[reduce 13.1][reduce 12.1.2.2]id [shift]
= [reduce 21.1][shift]
intconst [shift]
[reduce 24.1][reduce 20.02]add [shift]
id [shift]
; [reduce 21.1][reduce 20.03][reduce 20.06][reduce 20.01][shift]
[reduce 13.1][reduce 12.1.2.2]id [shift]
= [reduce 21.1][shift]
id [shift]
add [reduce 21.1][reduce 20.03][shift]
intconst [shift]
[reduce 24.1][reduce 20.02]; [reduce 20.06][reduce 20.01][shift]
[reduce 13.1][reduce 12.1.2.2]for [shift]
([shift]
; [reduce 25.1][shift]
id [shift]
< [reduce 21.1][reduce 20.03][shift]
intconst [shift]
[reduce 24.1][reduce 20.02]; [reduce 20.12][shift]
)[reduce 25.1][shift]
id [shift]
add [reduce 21.1][reduce 20.03][shift]
id [shift]
; [reduce 21.1][reduce 20.03][reduce 20.06][shift]
[reduce 13.1][reduce 16.1][reduce 13.4][reduce 12.1.2.2]for [shift]
([shift]
id [shift]
= [reduce 21.1][shift]
intconst [shift]
[reduce 24.1][reduce 20.02]; [reduce 20.01][reduce 25.2][shift]
id [shift]
< [reduce 21.1][reduce 20.03][shift]
intconst [shift]
[reduce 24.1][reduce 20.02]; [reduce 20.12][shift]
id [shift]
= [reduce 21.1][shift]
id [shift]
add [reduce 21.1][reduce 20.03][shift]
intconst [shift]
[reduce 24.1][reduce 20.02])[reduce 20.06][reduce 20.01][reduce 25.2][shift]
id [shift]
= [reduce 21.1][shift]
id [shift]
add [reduce 21.1][reduce 20.03][shift]
id [shift]
; [reduce 21.1][reduce 20.03][reduce 20.06][reduce 20.01][shift]
[reduce 13.1][reduce 16.1][reduce 13.4][reduce 12.1.2.2]}[shift]
[reduce 12.1][reduce 06.2][reduce 02.2][reduce 01.2][shift]
[accept]
