int [shift]
[reduce 05.1]id [shift]
([shift]
int [shift]
[reduce 05.1]id [shift]
[reduce 04.1])[reduce 07.1.2][reduce 07.1][shift]
{[shift]
[reduce 12.1.1.1]if [reduce 12.1.2.1][shift]
([shift]
id [shift]
> [reduce 21.1][reduce 20.03][shift]
intconst [shift]
[reduce 24.1][reduce 20.02])[reduce 20.14][shift]
return [shift]
id [shift]
mult [reduce 21.1][reduce 20.03][shift]
id [shift]
([shift]
id [shift]
sub [reduce 21.1][reduce 20.03][shift]
intconst [shift]
[reduce 24.1][reduce 20.02])[reduce 20.07][reduce 26.1][reduce 23.2][shift]
[reduce 22.1][reduce 20.04][reduce 20.08]; [reduce 25.2][shift]
[reduce 18.1][reduce 13.6]else [shift]
return [shift]
intconst [shift]
[reduce 24.1][reduce 20.02]; [reduce 25.2][shift]
[reduce 18.1][reduce 13.6][reduce 14.2][reduce 13.2][reduce 12.1.2.2]}[shift]
[reduce 12.1][reduce 06.1][reduce 02.2][reduce 01.1]void [shift]
id [shift]
([shift]
)[reduce 07.2][shift]
{[shift]
[reduce 12.1.1.1]int [shift]
[reduce 05.1]id [shift]
[reduce 04.1]; [shift]
[reduce 03.1][reduce 12.1.1.2]int [shift]
[reduce 05.1]id [shift]
[reduce 04.1]; [shift]
[reduce 03.1][reduce 12.1.1.2]println [reduce 12.1.2.1][shift]
([shift]
stringconst [shift]
[reduce 24.3][reduce 20.02], [shift]
id [shift]
([shift]
intconst [shift]
[reduce 24.1][reduce 20.02])[reduce 26.1][reduce 23.2][shift]
[reduce 22.1][reduce 20.04], [shift]
stringconst [shift]
[reduce 24.3][reduce 20.02])[reduce 26.1][reduce 26.2][reduce 26.2][shift]
; [shift]
[reduce 19.1][reduce 13.7][reduce 12.1.2.2]id [shift]
= [reduce 21.1][shift]
intconst [shift]
[reduce 24.1][reduce 20.02]; [reduce 20.01][shift]
[reduce 13.1][reduce 12.1.2.2]id [shift]
= [reduce 21.1][shift]
intconst [shift]
[reduce 24.1][reduce 20.02]; [reduce 20.01][shift]
[reduce 13.1][reduce 12.1.2.2]for [shift]
([shift]
; [reduce 25.1][shift]
id [shift]
<= [reduce 21.1][reduce 20.03][shift]
intconst [shift]
[reduce 24.1][reduce 20.02]; [reduce 20.13][shift]
)[reduce 25.1][shift]
{[shift]
[reduce 12.1.1.1]id [reduce 12.1.2.1][shift]
= [reduce 21.1][shift]
id [shift]
mult [reduce 21.1][reduce 20.03][shift]
id [shift]
; [reduce 21.1][reduce 20.03][reduce 20.08][reduce 20.01][shift]
[reduce 13.1][reduce 12.1.2.2]id [shift]
= [reduce 21.1][shift]
id [shift]
add [reduce 21.1][reduce 20.03][shift]
intconst [shift]
[reduce 24.1][reduce 20.02]; [reduce 20.06][reduce 20.01][shift]
[reduce 13.1][reduce 12.1.2.2]}[shift]
[reduce 12.1][reduce 13.8][reduce 16.1][reduce 13.4][reduce 12.1.2.2]println [shift]
([shift]
stringconst [shift]
[reduce 24.3][reduce 20.02], [shift]
id [shift]
)[reduce 21.1][reduce 20.03][reduce 26.1][reduce 26.2][shift]
; [shift]
[reduce 19.1][reduce 13.7][reduce 12.1.2.2]}[shift]
[reduce 12.1][reduce 06.2][reduce 02.2][reduce 01.2]class [shift]
id [shift]
{[reduce 08.1.1.1][reduce 08.1.2.1][shift]
[reduce 08.1.3.1]int [shift]
[reduce 05.1]id [shift]
; [reduce 04.1][shift]
[reduce 03.1][reduce 09.1][reduce 08.1.3.2]double [shift]
[reduce 05.2]id [shift]
; [reduce 04.1][shift]
[reduce 03.1][reduce 09.1][reduce 08.1.3.2]boolean [shift]
[reduce 05.3]id [shift]
; [reduce 04.1][shift]
[reduce 03.1][reduce 09.1][reduce 08.1.3.2]string [shift]
[reduce 05.4]id [shift]
; [reduce 04.1][shift]
[reduce 03.1][reduce 09.1][reduce 08.1.3.2]int [shift]
[reduce 05.1][[shift]
][shift]
[reduce 05.5]id [shift]
; [reduce 04.1][shift]
[reduce 03.1][reduce 09.1][reduce 08.1.3.2]id [shift]
[reduce 05.6]= [reject]
