boolean [shift]
[reduce 05.3]id [shift]
([shift]
string [shift]
[reduce 05.4]id [shift]
[reduce 04.1])[reduce 07.1.2][reduce 07.1][shift]
{[shift]
[reduce 12.1.1.1]int [shift]
[reduce 05.1][[shift]
][shift]
[reduce 05.5]id [shift]
[reduce 04.1]; [shift]
[reduce 03.1][reduce 12.1.1.2]int [shift]
[reduce 05.1]id [shift]
[reduce 04.1]; [shift]
[reduce 03.1][reduce 12.1.1.2]int [shift]
[reduce 05.1]id [shift]
[reduce 04.1]; [shift]
[reduce 03.1][reduce 12.1.1.2]id [reduce 12.1.2.1][shift]
= [reduce 21.1][shift]
id [shift]
. [shift]
id [shift]
([shift]
)[reduce 23.1][shift]
[reduce 22.2][reduce 20.04]; [reduce 20.01][shift]
[reduce 13.1][reduce 12.1.2.2]id [shift]
= [reduce 21.1][shift]
intconst [shift]
[reduce 24.1][reduce 20.02]; [reduce 20.01][shift]
[reduce 13.1][reduce 12.1.2.2]id [shift]
= [reduce 21.1][shift]
id [shift]
. [shift]
id [shift]
([shift]
)[reduce 23.1][shift]
[reduce 22.2][reduce 20.04]; [reduce 20.01][shift]
[reduce 13.1][reduce 12.1.2.2]while [shift]
([shift]
id [shift]
!= [reduce 21.1][reduce 20.03][shift]
id [shift]
)[reduce 21.1][reduce 20.03][reduce 20.17][shift]
{[shift]
[reduce 12.1.1.1]if [reduce 12.1.2.1][shift]
([shift]
id [shift]
[[reduce 21.1][shift]
id [shift]
][reduce 21.1][reduce 20.03][shift]
[reduce 21.2]!= [reduce 20.03][shift]
id [shift]
[[reduce 21.1][shift]
id [shift]
][reduce 21.1][reduce 20.03][shift]
[reduce 21.2])[reduce 20.03][reduce 20.17][shift]
{[shift]
[reduce 12.1.1.1]return [reduce 12.1.2.1][shift]
booleanconstF [shift]
[reduce 24.4][reduce 20.02]; [reduce 25.2][shift]
[reduce 18.1][reduce 13.6][reduce 12.1.2.2]}[shift]
[reduce 12.1][reduce 13.8]id [reduce 14.1][reduce 13.2][reduce 12.1.2.2][shift]
= [reduce 21.1][shift]
id [shift]
add [reduce 21.1][reduce 20.03][shift]
intconst [shift]
[reduce 24.1][reduce 20.02]; [reduce 20.06][reduce 20.01][shift]
[reduce 13.1][reduce 12.1.2.2]id [shift]
= [reduce 21.1][shift]
id [shift]
sub [reduce 21.1][reduce 20.03][shift]
intconst [shift]
[reduce 24.1][reduce 20.02]; [reduce 20.07][reduce 20.01][shift]
[reduce 13.1][reduce 12.1.2.2]}[shift]
[reduce 12.1][reduce 13.8][reduce 15.1][reduce 13.3][reduce 12.1.2.2]return [shift]
booleanconstT [shift]
[reduce 24.4][reduce 20.02]; [reduce 25.2][shift]
[reduce 18.1][reduce 13.6][reduce 12.1.2.2]}[shift]
[reduce 12.1][reduce 06.1][reduce 02.2][reduce 01.1][shift]
[accept]
