void [shift]
id [shift]
([shift]
)[reduce 07.2][shift]
{[shift]
[reduce 12.1.1.1]int [shift]
[reduce 05.1]id [shift]
[reduce 04.1]; [shift]
[reduce 03.1][reduce 12.1.1.2]int [shift]
[reduce 05.1]id [shift]
[reduce 04.1]; [shift]
[reduce 03.1][reduce 12.1.1.2]id [reduce 12.1.2.1][shift]
= [reduce 21.1][shift]
intconst [shift]
[reduce 24.1][reduce 20.02]; [reduce 20.01][shift]
[reduce 13.1][reduce 12.1.2.2]id [shift]
= [reduce 21.1][shift]
id [shift]
add [reduce 21.1][reduce 20.03][shift]
intconst [shift]
[reduce 24.1][reduce 20.02]; [reduce 20.06][reduce 20.01][shift]
[reduce 13.1][reduce 12.1.2.2]}[shift]
[reduce 12.1][reduce 06.2][reduce 02.2][reduce 01.1][shift]
[accept]
